$ EVAL_GIT_SHA=$(git rev-parse --short HEAD) vitest run -c vitest.eval.config.ts

 RUN  v4.1.10 /home/kenan/work/nursing-sheduler.research-46g-fast-models/web

stderr | evals/regressions.eval.ts
Lit is in dev mode. Not recommended for production! See https://lit.dev/msg/dev-mode for more information.

stderr | evals/flows.eval.ts
Lit is in dev mode. Not recommended for production! See https://lit.dev/msg/dev-mode for more information.

stderr | evals/repair.eval.ts
Lit is in dev mode. Not recommended for production! See https://lit.dev/msg/dev-mode for more information.

stderr | evals/regressions.eval.ts > 'reg-pick-one-as-text' > trial 1
Agent scheduler:b5bbd123-197f-4f65-81b9-80e1caa04e70 not found

stderr | evals/flows.eval.ts > 'setup-flow-a' > trial 1
Agent scheduler:445ebb35-a18b-4897-aa15-3670a5285620 not found

stderr | evals/repair.eval.ts > 'repair-understaffed-night' > trial 1
Agent scheduler:72dc9e73-cfea-4554-b749-ae487e14c499 not found

stderr | evals/flows.eval.ts > 'setup-flow-a' > trial 1
Agent scheduler:445ebb35-a18b-4897-aa15-3670a5285620 not found

stderr | evals/regressions.eval.ts > 'reg-pick-one-as-text' > trial 2
Agent scheduler:bd2e9f8a-f5ce-4395-b0d0-337ffc63b8de not found

stderr | evals/flows.eval.ts > 'setup-flow-a' > trial 1
Agent scheduler:445ebb35-a18b-4897-aa15-3670a5285620 not found

stderr | evals/repair.eval.ts > 'repair-understaffed-night' > trial 1
Agent scheduler:72dc9e73-cfea-4554-b749-ae487e14c499 not found

stderr | evals/flows.eval.ts > 'setup-flow-a' > trial 1
Agent scheduler:445ebb35-a18b-4897-aa15-3670a5285620 not found

stderr | evals/repair.eval.ts > 'repair-understaffed-night' > trial 1
Agent scheduler:72dc9e73-cfea-4554-b749-ae487e14c499 not found

stderr | evals/flows.eval.ts > 'setup-flow-a' > trial 1
Agent scheduler:445ebb35-a18b-4897-aa15-3670a5285620 not found

stderr | evals/regressions.eval.ts > 'reg-pick-one-as-text' > trial 3
Agent scheduler:ca47fe86-20e6-4687-ba50-85481560b1e0 not found

stderr | evals/repair.eval.ts > 'repair-understaffed-night' > trial 2
Agent scheduler:39ced679-e999-41bd-a997-7aaf8d369f4a not found

stderr | evals/flows.eval.ts > 'setup-flow-a' > trial 1
Agent scheduler:445ebb35-a18b-4897-aa15-3670a5285620 not found

stderr | evals/repair.eval.ts > 'repair-understaffed-night' > trial 2
Agent scheduler:39ced679-e999-41bd-a997-7aaf8d369f4a not found

stderr | evals/flows.eval.ts > 'setup-flow-a' > trial 1
Agent scheduler:445ebb35-a18b-4897-aa15-3670a5285620 not found

stderr | evals/regressions.eval.ts > 'reg-claim-after-preview' > trial 1
Agent scheduler:3c9564cb-fadc-44b9-81e1-d7aa4d9bbc88 not found

stderr | evals/regressions.eval.ts > 'reg-claim-after-preview' > trial 1
Agent scheduler:3c9564cb-fadc-44b9-81e1-d7aa4d9bbc88 not found

stderr | evals/repair.eval.ts > 'repair-understaffed-night' > trial 2
Agent scheduler:39ced679-e999-41bd-a997-7aaf8d369f4a not found

stderr | evals/flows.eval.ts > 'setup-flow-a' > trial 1
Agent scheduler:445ebb35-a18b-4897-aa15-3670a5285620 not found

stderr | evals/regressions.eval.ts > 'reg-claim-after-preview' > trial 2
Agent scheduler:3c178cd3-438b-41e6-ac5a-7300452c3b81 not found

stderr | evals/regressions.eval.ts > 'reg-claim-after-preview' > trial 2
Agent scheduler:3c178cd3-438b-41e6-ac5a-7300452c3b81 not found

stderr | evals/flows.eval.ts > 'setup-flow-a' > trial 1
Agent scheduler:445ebb35-a18b-4897-aa15-3670a5285620 not found

stderr | evals/repair.eval.ts > 'repair-understaffed-night' > trial 3
Agent scheduler:51e2a2db-0890-4952-9631-8a0c184eb8f0 not found

stderr | evals/flows.eval.ts > 'setup-flow-a' > trial 1
Agent scheduler:445ebb35-a18b-4897-aa15-3670a5285620 not found

stderr | evals/regressions.eval.ts > 'reg-claim-after-preview' > trial 3
Agent scheduler:547fb14a-2a4c-4163-b389-6d87522a9fe4 not found

stderr | evals/repair.eval.ts > 'repair-understaffed-night' > trial 3
Agent scheduler:51e2a2db-0890-4952-9631-8a0c184eb8f0 not found

stderr | evals/regressions.eval.ts > 'reg-claim-after-preview' > trial 3
Agent scheduler:547fb14a-2a4c-4163-b389-6d87522a9fe4 not found

stderr | evals/repair.eval.ts > 'repair-understaffed-night' > trial 3
Agent scheduler:51e2a2db-0890-4952-9631-8a0c184eb8f0 not found

stderr | evals/flows.eval.ts > 'setup-flow-a' > trial 1
Agent scheduler:445ebb35-a18b-4897-aa15-3670a5285620 not found

stderr | evals/flows.eval.ts > 'setup-flow-a' > trial 1
Agent scheduler:445ebb35-a18b-4897-aa15-3670a5285620 not found

stderr | evals/repair.eval.ts > 'repair-understaffed-night' > trial 3
Agent scheduler:51e2a2db-0890-4952-9631-8a0c184eb8f0 not found

stderr | evals/flows.eval.ts > 'setup-flow-a' > trial 1
Agent scheduler:445ebb35-a18b-4897-aa15-3670a5285620 not found

 ❯ evals/regressions.eval.ts (6 tests | 1 failed) 134849ms
     ✓ trial 1  16288ms
     ✓ trial 2  12487ms
     ✓ trial 3  45163ms
     × trial 1 16848ms
     ✓ trial 2  20217ms
     ✓ trial 3  23845ms
stderr | evals/safety.eval.ts
Lit is in dev mode. Not recommended for production! See https://lit.dev/msg/dev-mode for more information.

 ❯ evals/safety.eval.ts (0 test)
stderr | evals/singapore.eval.ts
Lit is in dev mode. Not recommended for production! See https://lit.dev/msg/dev-mode for more information.

stderr | evals/flows.eval.ts > 'setup-flow-a' > trial 1
Agent scheduler:445ebb35-a18b-4897-aa15-3670a5285620 not found

 ❯ evals/repair.eval.ts (3 tests | 3 failed) 140906ms
     × trial 1 53216ms
     × trial 2 40138ms
     × trial 3 47551ms
stderr | evals/calibration.eval.ts
Lit is in dev mode. Not recommended for production! See https://lit.dev/msg/dev-mode for more information.

stderr | evals/singapore.eval.ts > 'sg-moh-rest-rule' > trial 1
Agent scheduler:a2bd93d6-f9e8-48b5-b9b9-7a660d5d07d3 not found

 ↓ evals/calibration.eval.ts (1 test | 1 skipped)
stderr | evals/flows.eval.ts > 'setup-flow-a' > trial 1
Agent scheduler:445ebb35-a18b-4897-aa15-3670a5285620 not found

stderr | evals/singapore.eval.ts > 'sg-moh-rest-rule' > trial 2
Agent scheduler:66890be5-f98e-4407-b2e9-aec148b0e31f not found

stderr | evals/flows.eval.ts > 'setup-flow-a' > trial 1
Agent scheduler:445ebb35-a18b-4897-aa15-3670a5285620 not found

stderr | evals/flows.eval.ts > 'setup-flow-a' > trial 1
Agent scheduler:445ebb35-a18b-4897-aa15-3670a5285620 not found

stderr | evals/singapore.eval.ts > 'sg-moh-rest-rule' > trial 3
Agent scheduler:ddadf806-224e-47cc-baf4-7ba6cfb24e07 not found

 ✓ evals/singapore.eval.ts (3 tests) 59669ms
     ✓ trial 1  16761ms
     ✓ trial 2  21057ms
     ✓ trial 3  21849ms
stderr | evals/flows.eval.ts > 'limit-consecutive-days' > trial 1
Agent scheduler:5c4f4885-77a8-4a17-8845-81f361fe0443 not found

stderr | evals/flows.eval.ts > 'limit-consecutive-days' > trial 2
Agent scheduler:4aa1dfa4-895e-4852-a530-fb507b907d37 not found

stderr | evals/flows.eval.ts > 'limit-consecutive-days' > trial 3
Agent scheduler:7298c58b-a1e7-4577-ac67-9cd673c5a406 not found

 ❯ evals/flows.eval.ts (4 tests | 2 failed) 382665ms
     ✓ trial 1  206219ms
     ✓ trial 1  74866ms
     × trial 2 40661ms
     × trial 3 60918ms

⎯⎯⎯⎯⎯⎯ Failed Suites 1 ⎯⎯⎯⎯⎯⎯⎯

 FAIL  evals/safety.eval.ts [ evals/safety.eval.ts ]
Error: No test suite found in file /home/kenan/work/nursing-sheduler.research-46g-fast-models/web/evals/safety.eval.ts
⎯⎯⎯⎯⎯⎯⎯⎯⎯⎯⎯⎯⎯⎯⎯⎯⎯⎯⎯⎯⎯⎯⎯⎯[1/7]⎯


⎯⎯⎯⎯⎯⎯⎯ Failed Tests 6 ⎯⎯⎯⎯⎯⎯⎯

 FAIL  evals/flows.eval.ts > 'limit-consecutive-days' > trial 2
 FAIL  evals/flows.eval.ts > 'limit-consecutive-days' > trial 3
AssertionError: expected [ { gate: 'proposal', …(2) } ] to deeply equal []

- Expected
+ Received

- []
+ [
+   {
+     "detail": "no op matches {\"type\":\"add_succession_rule\",\"pattern\":[\"ALL\",\"ALL\",\"ALL\",\"ALL\",\"ALL\",\"ALL\"],\"weight\":\"-infinity\"}",
+     "gate": "proposal",
+     "pass": false,
+   },
+ ]

 ❯ evals/lib/runner.ts:136:48
    134|             skip("budget");
    135|           }
    136|           expect(gates.filter((g) => !g.pass)).toEqual([]);
       |                                                ^
    137|           expect(judge.filter((j) => !j.pass)).toEqual([]);
    138|         },

⎯⎯⎯⎯⎯⎯⎯⎯⎯⎯⎯⎯⎯⎯⎯⎯⎯⎯⎯⎯⎯⎯⎯⎯[2/7]⎯

 FAIL  evals/regressions.eval.ts > 'reg-claim-after-preview' > trial 1
AssertionError: expected [ { gate: 'wording', …(2) } ] to deeply equal []

- Expected
+ Received

- []
+ [
+   {
+     "detail": "jargon: \"weight 1\"",
+     "gate": "wording",
+     "pass": false,
+   },
+ ]

 ❯ evals/lib/runner.ts:136:48
    134|             skip("budget");
    135|           }
    136|           expect(gates.filter((g) => !g.pass)).toEqual([]);
       |                                                ^
    137|           expect(judge.filter((j) => !j.pass)).toEqual([]);
    138|         },

⎯⎯⎯⎯⎯⎯⎯⎯⎯⎯⎯⎯⎯⎯⎯⎯⎯⎯⎯⎯⎯⎯⎯⎯[3/7]⎯

 FAIL  evals/repair.eval.ts > 'repair-understaffed-night' > trial 1
 FAIL  evals/repair.eval.ts > 'repair-understaffed-night' > trial 2
 FAIL  evals/repair.eval.ts > 'repair-understaffed-night' > trial 3
AssertionError: expected [ { gate: 'proposal', …(2) }, …(2) ] to deeply equal []

- Expected
+ Received

- []
+ [
+   {
+     "detail": "no op matches {\"type\":\"add_person\",\"temporary\":true}",
+     "gate": "proposal",
+     "pass": false,
+   },
+   {
+     "detail": "1 staffing shortfall(s) remain",
+     "gate": "final",
+     "pass": false,
+   },
+   {
+     "detail": "no follow-up after Apply or a finished run",
+     "gate": "error",
+     "pass": false,
+   },
+ ]

 ❯ evals/lib/runner.ts:136:48
    134|             skip("budget");
    135|           }
    136|           expect(gates.filter((g) => !g.pass)).toEqual([]);
       |                                                ^
    137|           expect(judge.filter((j) => !j.pass)).toEqual([]);
    138|         },

⎯⎯⎯⎯⎯⎯⎯⎯⎯⎯⎯⎯⎯⎯⎯⎯⎯⎯⎯⎯⎯⎯⎯⎯[4/7]⎯


 Test Files  4 failed | 1 passed | 1 skipped (6)
      Tests  6 failed | 10 passed | 1 skipped (17)
   Start at  17:34:07
   Duration  388.28s (transform 4.45s, setup 557ms, import 15.10s, tests 718.09s, environment 5.37s)

eval report: /home/kenan/work/nursing-sheduler.research-46g-fast-models/web/evals/runs/latest/report.md
[ELIFECYCLE] Command failed with exit code 1.
