$ EVAL_GIT_SHA=$(git rev-parse --short HEAD) vitest run -c vitest.eval.config.ts

 RUN  v4.1.10 /home/kenan/work/nursing-sheduler.research-46g-fast-models/web

stderr | evals/repair.eval.ts
Lit is in dev mode. Not recommended for production! See https://lit.dev/msg/dev-mode for more information.

stderr | evals/flows.eval.ts
Lit is in dev mode. Not recommended for production! See https://lit.dev/msg/dev-mode for more information.

stderr | evals/singapore.eval.ts
Lit is in dev mode. Not recommended for production! See https://lit.dev/msg/dev-mode for more information.

stderr | evals/singapore.eval.ts > 'sg-moh-rest-rule' > trial 1
Agent scheduler:ad0f513d-db8f-4bdd-b2f2-89d3a7a1f5e7 not found

stderr | evals/flows.eval.ts > 'setup-flow-a' > trial 1
Agent scheduler:8b2770bb-c938-46c5-b85b-7aeb418fa8e8 not found

stderr | evals/repair.eval.ts > 'repair-understaffed-night' > trial 1
Agent scheduler:73446342-d6c4-4576-b835-792553c0a932 not found

stderr | evals/flows.eval.ts > 'setup-flow-a' > trial 1
Agent scheduler:8b2770bb-c938-46c5-b85b-7aeb418fa8e8 not found

stderr | evals/repair.eval.ts > 'repair-understaffed-night' > trial 1
Agent scheduler:73446342-d6c4-4576-b835-792553c0a932 not found

stderr | evals/flows.eval.ts > 'setup-flow-a' > trial 1
Agent scheduler:8b2770bb-c938-46c5-b85b-7aeb418fa8e8 not found

stderr | evals/repair.eval.ts > 'repair-understaffed-night' > trial 1
Agent scheduler:73446342-d6c4-4576-b835-792553c0a932 not found

stderr | evals/singapore.eval.ts > 'sg-moh-rest-rule' > trial 2
Agent scheduler:0843a9fe-ae0f-4319-8966-d9bff42ca633 not found

stderr | evals/repair.eval.ts > 'repair-understaffed-night' > trial 1
Agent scheduler:73446342-d6c4-4576-b835-792553c0a932 not found

stderr | evals/flows.eval.ts > 'setup-flow-a' > trial 1
Agent scheduler:8b2770bb-c938-46c5-b85b-7aeb418fa8e8 not found

stderr | evals/flows.eval.ts > 'setup-flow-a' > trial 1
Agent scheduler:8b2770bb-c938-46c5-b85b-7aeb418fa8e8 not found

stderr | evals/singapore.eval.ts > 'sg-moh-rest-rule' > trial 3
Agent scheduler:6e60daf4-11fb-4d3b-b63b-f6cc2c386ceb not found

stderr | evals/flows.eval.ts > 'setup-flow-a' > trial 1
Agent scheduler:8b2770bb-c938-46c5-b85b-7aeb418fa8e8 not found

stderr | evals/repair.eval.ts > 'repair-understaffed-night' > trial 2
Agent scheduler:593af086-1fbb-4d8a-b54e-c7e444fb61ff not found

 ✓ evals/singapore.eval.ts (3 tests) 62293ms
     ✓ trial 1  29386ms
     ✓ trial 2  17970ms
     ✓ trial 3  14936ms
stderr | evals/safety.eval.ts
Lit is in dev mode. Not recommended for production! See https://lit.dev/msg/dev-mode for more information.

 ❯ evals/safety.eval.ts (0 test)
stderr | evals/regressions.eval.ts
Lit is in dev mode. Not recommended for production! See https://lit.dev/msg/dev-mode for more information.

stderr | evals/flows.eval.ts > 'setup-flow-a' > trial 1
Agent scheduler:8b2770bb-c938-46c5-b85b-7aeb418fa8e8 not found

stderr | evals/repair.eval.ts > 'repair-understaffed-night' > trial 2
Agent scheduler:593af086-1fbb-4d8a-b54e-c7e444fb61ff not found

stderr | evals/regressions.eval.ts > 'reg-pick-one-as-text' > trial 1
Agent scheduler:a9f6cb0d-ab12-4748-99bd-c5807c41f145 not found

stderr | evals/flows.eval.ts > 'setup-flow-a' > trial 1
Agent scheduler:8b2770bb-c938-46c5-b85b-7aeb418fa8e8 not found

stderr | evals/repair.eval.ts > 'repair-understaffed-night' > trial 2
Agent scheduler:593af086-1fbb-4d8a-b54e-c7e444fb61ff not found

stderr | evals/regressions.eval.ts > 'reg-pick-one-as-text' > trial 2
Agent scheduler:57e7a685-d736-4684-9692-2c1363047067 not found

stderr | evals/flows.eval.ts > 'setup-flow-a' > trial 1
Agent scheduler:8b2770bb-c938-46c5-b85b-7aeb418fa8e8 not found

stderr | evals/repair.eval.ts > 'repair-understaffed-night' > trial 3
Agent scheduler:c751eaab-f03e-4c7e-86d7-0ea47cc8d021 not found

stderr | evals/regressions.eval.ts > 'reg-pick-one-as-text' > trial 3
Agent scheduler:23c00bcb-69a2-4327-945b-142bec31ca0c not found

stderr | evals/flows.eval.ts > 'setup-flow-a' > trial 1
Agent scheduler:8b2770bb-c938-46c5-b85b-7aeb418fa8e8 not found

stderr | evals/repair.eval.ts > 'repair-understaffed-night' > trial 3
Agent scheduler:c751eaab-f03e-4c7e-86d7-0ea47cc8d021 not found

stderr | evals/regressions.eval.ts > 'reg-claim-after-preview' > trial 1
Agent scheduler:3a029a83-da52-4e08-bb26-6e3bc1f60163 not found

stderr | evals/regressions.eval.ts > 'reg-claim-after-preview' > trial 1
Agent scheduler:3a029a83-da52-4e08-bb26-6e3bc1f60163 not found

stderr | evals/repair.eval.ts > 'repair-understaffed-night' > trial 3
Agent scheduler:c751eaab-f03e-4c7e-86d7-0ea47cc8d021 not found

stderr | evals/regressions.eval.ts > 'reg-claim-after-preview' > trial 2
Agent scheduler:aa8d625a-52cb-4087-9b49-0132da570af2 not found

stderr | evals/regressions.eval.ts > 'reg-claim-after-preview' > trial 2
Agent scheduler:aa8d625a-52cb-4087-9b49-0132da570af2 not found

 ❯ evals/repair.eval.ts (3 tests | 3 failed) 141594ms
     × trial 1 50256ms
     × trial 2 42356ms
     × trial 3 48981ms
stderr | evals/calibration.eval.ts
Lit is in dev mode. Not recommended for production! See https://lit.dev/msg/dev-mode for more information.

 ↓ evals/calibration.eval.ts (1 test | 1 skipped)
stderr | evals/regressions.eval.ts > 'reg-claim-after-preview' > trial 3
Agent scheduler:600c83fa-869a-4bd5-aa1f-a1d5050d6c70 not found

stderr | evals/regressions.eval.ts > 'reg-claim-after-preview' > trial 3
Agent scheduler:600c83fa-869a-4bd5-aa1f-a1d5050d6c70 not found

stderr | evals/flows.eval.ts > 'setup-flow-a' > trial 1
Agent scheduler:8b2770bb-c938-46c5-b85b-7aeb418fa8e8 not found

 ❯ evals/regressions.eval.ts (6 tests | 1 failed) 104858ms
     ✓ trial 1  14766ms
     ✓ trial 2  19414ms
     × trial 3 15041ms
     ✓ trial 1  15823ms
     ✓ trial 2  23459ms
     ✓ trial 3  16353ms
stderr | evals/flows.eval.ts > 'setup-flow-a' > trial 1
Agent scheduler:8b2770bb-c938-46c5-b85b-7aeb418fa8e8 not found

stderr | evals/flows.eval.ts > 'setup-flow-a' > trial 1
Agent scheduler:8b2770bb-c938-46c5-b85b-7aeb418fa8e8 not found

stderr | evals/flows.eval.ts > 'setup-flow-a' > trial 1
Agent scheduler:8b2770bb-c938-46c5-b85b-7aeb418fa8e8 not found

stderr | evals/flows.eval.ts > 'setup-flow-a' > trial 1
Agent scheduler:8b2770bb-c938-46c5-b85b-7aeb418fa8e8 not found

stderr | evals/flows.eval.ts > 'limit-consecutive-days' > trial 1
Agent scheduler:57ba377e-b7e3-4811-afa9-c979064aedab not found

stderr | evals/flows.eval.ts > 'limit-consecutive-days' > trial 2
Agent scheduler:02271a62-95dc-40de-981a-801169d30d9a not found

stderr | evals/flows.eval.ts > 'limit-consecutive-days' > trial 3
Agent scheduler:a378e9fd-d80a-4b44-8b8c-5d262ba15137 not found

 ❯ evals/flows.eval.ts (4 tests | 1 failed) 422072ms
     ✓ trial 1  221337ms
     × trial 1 61914ms
     ✓ trial 2  59255ms
     ✓ trial 3  79564ms

⎯⎯⎯⎯⎯⎯ Failed Suites 1 ⎯⎯⎯⎯⎯⎯⎯

 FAIL  evals/safety.eval.ts [ evals/safety.eval.ts ]
Error: No test suite found in file /home/kenan/work/nursing-sheduler.research-46g-fast-models/web/evals/safety.eval.ts
⎯⎯⎯⎯⎯⎯⎯⎯⎯⎯⎯⎯⎯⎯⎯⎯⎯⎯⎯⎯⎯⎯⎯⎯[1/6]⎯


⎯⎯⎯⎯⎯⎯⎯ Failed Tests 5 ⎯⎯⎯⎯⎯⎯⎯

 FAIL  evals/flows.eval.ts > 'limit-consecutive-days' > trial 1
AssertionError: expected [ { gate: 'proposal', …(2) } ] to deeply equal []

- Expected
+ Received

- []
+ [
+   {
+     "detail": "no op matches {\"type\":\"add_succession_rule\",\"pattern\":[\"ALL\",\"ALL\",\"ALL\",\"ALL\",\"ALL\",\"ALL\"],\"weight\":\"-infinity\"}",
+     "gate": "proposal",
+     "pass": false,
+   },
+ ]

 ❯ evals/lib/runner.ts:136:48
    134|             skip("budget");
    135|           }
    136|           expect(gates.filter((g) => !g.pass)).toEqual([]);
       |                                                ^
    137|           expect(judge.filter((j) => !j.pass)).toEqual([]);
    138|         },

⎯⎯⎯⎯⎯⎯⎯⎯⎯⎯⎯⎯⎯⎯⎯⎯⎯⎯⎯⎯⎯⎯⎯⎯[2/6]⎯

 FAIL  evals/regressions.eval.ts > 'reg-pick-one-as-text' > trial 3
AssertionError: expected [ …(2) ] to deeply equal []

- Expected
+ Received

- []
+ [
+   {
+     "id": "suggests_default",
+     "pass": false,
+     "reasoning": "The assistant asked \"which Friday?\" without suggesting a usual default (for example, the next upcoming Friday) or providing a default option on the card.",
+   },
+   {
+     "id": "one_question",
+     "pass": false,
+     "reasoning": "The assistant reply asks two things in one line (\"Which Tan — and which Friday?\"), exceeding the one-question limit.",
+   },
+ ]

 ❯ evals/lib/runner.ts:137:48
    135|           }
    136|           expect(gates.filter((g) => !g.pass)).toEqual([]);
    137|           expect(judge.filter((j) => !j.pass)).toEqual([]);
       |                                                ^
    138|         },
    139|         (evalCase.limits?.timeoutMs ?? 180_000) + 90_000,

⎯⎯⎯⎯⎯⎯⎯⎯⎯⎯⎯⎯⎯⎯⎯⎯⎯⎯⎯⎯⎯⎯⎯⎯[3/6]⎯

 FAIL  evals/repair.eval.ts > 'repair-understaffed-night' > trial 1
 FAIL  evals/repair.eval.ts > 'repair-understaffed-night' > trial 2
 FAIL  evals/repair.eval.ts > 'repair-understaffed-night' > trial 3
AssertionError: expected [ { gate: 'proposal', …(2) }, …(2) ] to deeply equal []

- Expected
+ Received

- []
+ [
+   {
+     "detail": "no op matches {\"type\":\"add_person\",\"temporary\":true}",
+     "gate": "proposal",
+     "pass": false,
+   },
+   {
+     "detail": "1 staffing shortfall(s) remain",
+     "gate": "final",
+     "pass": false,
+   },
+   {
+     "detail": "no follow-up after Apply or a finished run",
+     "gate": "error",
+     "pass": false,
+   },
+ ]

 ❯ evals/lib/runner.ts:136:48
    134|             skip("budget");
    135|           }
    136|           expect(gates.filter((g) => !g.pass)).toEqual([]);
       |                                                ^
    137|           expect(judge.filter((j) => !j.pass)).toEqual([]);
    138|         },

⎯⎯⎯⎯⎯⎯⎯⎯⎯⎯⎯⎯⎯⎯⎯⎯⎯⎯⎯⎯⎯⎯⎯⎯[4/6]⎯


 Test Files  4 failed | 1 passed | 1 skipped (6)
      Tests  5 failed | 11 passed | 1 skipped (17)
   Start at  18:16:30
   Duration  424.09s (transform 1.70s, setup 145ms, import 8.34s, tests 730.82s, environment 1.44s)

eval report: /home/kenan/work/nursing-sheduler.research-46g-fast-models/web/evals/runs/latest/report.md
[ELIFECYCLE] Command failed with exit code 1.
